// Jest Snapshot v1, https://goo.gl/fbAQLP

exports[`[COMMON] [COMPONENTS] [LOGO] should render component 1`] = `
<div
  className="logo"
>
  <span
    className="logo__bold"
  >
    netflix
  </span>
  <span
    className="logo__normal"
  >
    roulette
  </span>
</div>
`;
