// Jest Snapshot v1, https://goo.gl/fbAQLP

exports[`[COMMON] [COMPONENTS] [ERROR_BOUNDARY] should render component 1`] = `
<Fragment>
  <div>
    fake children
  </div>
</Fragment>
`;
