// Jest Snapshot v1, https://goo.gl/fbAQLP

exports[`[COMPONENTS] [APP] should render component 1`] = `
<div
  className="netflix-roulette"
>
  <Provider
    store={
      Object {
        "@@observable": [Function],
        "dispatch": [Function],
        "getState": [Function],
        "replaceReducer": [Function],
        "subscribe": [Function],
      }
    }
  >
    <Connect(ConnectedRouterWithContext)
      history={
        Object {
          "action": "POP",
          "block": [Function],
          "canGo": [Function],
          "createHref": [Function],
          "entries": Array [
            Object {
              "hash": "",
              "pathname": "/",
              "search": "",
              "state": undefined,
            },
          ],
          "go": [Function],
          "goBack": [Function],
          "goForward": [Function],
          "index": 0,
          "length": 1,
          "listen": [Function],
          "location": Object {
            "hash": "",
            "pathname": "/",
            "search": "",
            "state": undefined,
          },
          "push": [Function],
          "replace": [Function],
        }
      }
    >
      <ErrorBoundary>
        <Component>
          <Switch>
            <Route
              exact={true}
              path="/"
            >
              <Connect(Connect(Component)) />
            </Route>
            <Route
              path="/search/:query"
            >
              <Connect(Connect(Component)) />
            </Route>
            <Route
              path="/movie/:id"
            >
              <Connect(Component) />
            </Route>
            <Route
              path="/404"
            >
              <Component />
            </Route>
            <Redirect
              from="*"
              to="/404"
            />
          </Switch>
        </Component>
        <Connect(Connect(Component)) />
        <Component />
        <Component />
      </ErrorBoundary>
    </Connect(ConnectedRouterWithContext)>
  </Provider>
</div>
`;
