// Jest Snapshot v1, https://goo.gl/fbAQLP

exports[`[COMPONENTS] [NOT_FOUND] should render component 1`] = `
<div
  className="page-not-found"
>
  <Component
    className="page-not-found__label"
    text="Page not found"
  />
</div>
`;
