// Jest Snapshot v1, https://goo.gl/fbAQLP

exports[`[COMMON] [COMPONENTS] [LOADER] should render component 1`] = `
<div
  className="loader-container"
>
  <div
    className="loader-container__loader"
  >
    Loading...
  </div>
</div>
`;
