// Jest Snapshot v1, https://goo.gl/fbAQLP

exports[`[COMPONENTS] [CONTENT] should render component 1`] = `
<div
  className="content"
>
  <Connect(Component) />
</div>
`;
