// Jest Snapshot v1, https://goo.gl/fbAQLP

exports[`[COMPONENTS] [CONTENT] [COMPONENTS] [MOVIE_PAGINATION] should render component 1`] = `
<Fragment>
  <div>
    fake children
  </div>
  <Component
    loading={false}
  />
</Fragment>
`;
