// Jest Snapshot v1, https://goo.gl/fbAQLP

exports[`[COMMON] [COMPONENTS] [LABEL] should render component 1`] = `
<div
  className="netflix-label"
>
  fakeText
</div>
`;
