// Jest Snapshot v1, https://goo.gl/fbAQLP

exports[`[COMPONENTS] [FOOTER] should render component 1`] = `
<div
  className="footer"
>
  <Component />
</div>
`;
