// Jest Snapshot v1, https://goo.gl/fbAQLP

exports[`[COMPONENTS] [HEADER] should render component 1`] = `
<div
  className="header"
>
  <div
    className="header__layout"
  >
    <div
      className="header__background"
    />
  </div>
  <Component />
</div>
`;
